[backblue.gif]
[fade.gif]
[index.html]
[yorkhouse.libguides.com/index.html]
[yorkhouse.libguides.com/home.html]
[yorkhouse.libguides.com/c3b6a.html]
[yorkhouse.libguides.com/az.html]
[yorkhouse.libguides.com/orders.html]
[yorkhouse.libguides.com/how-to.html]
[yorkhouse.libguides.com/how-to/research-sources.html]
[yorkhouse.libguides.com/how-to/find-your-book.html]
[yorkhouse.libguides.com/how-to/3d-printing.html]
[yorkhouse.libguides.com/what-is.html]
[yorkhouse.libguides.com/what-is/reading-lists.html]
[yorkhouse.libguides.com/what-is/truth-and-reconciliation.html]
[yorkhouse.libguides.com/what-is/mental-health.html]
[yorkhouse.libguides.com/assignments.html]
[yorkhouse.libguides.com/assignments/this-year.html]
[yorkhouse.libguides.com/assignments/2023-24.html]
[yorkhouse.libguides.com/initiatives.html]
[yorkhouse.libguides.com/initiatives/publications.html]
[yorkhouse.libguides.com/initiatives/model-un.html]
[yorkhouse.libguides.com/about.html]
[yorkhouse.libguides.com/research-sources]
[yorkhouse.libguides.com/news-media.html]
[yorkhouse.libguides.com/c30af.html]
[yorkhouse.libguides.com/prfb188.html]
[yorkhouse.libguides.com/home.html]
[yorkhouse.libguides.com/sbbe4f.html]
[yorkhouse.libguides.com/c3b6a.html]
[yorkhouse.libguides.com/az.html]
[yorkhouse.libguides.com/ccca0.html]
[yorkhouse.libguides.com/orders.html]
[yorkhouse.libguides.com/sb.html]
[yorkhouse.libguides.com/sbfcf9.html]
[yorkhouse.libguides.com/sb6684.html]
[yorkhouse.libguides.com/sb9c46.html]
[yorkhouse.libguides.com/sba80b.html]
[yorkhouse.libguides.com/sb8b9b.html]
[yorkhouse.libguides.com/sbfbe4.html]
[yorkhouse.libguides.com/sba614.html]
[yorkhouse.libguides.com/sb4b28.html]
[yorkhouse.libguides.com/sb45bb.html]
[yorkhouse.libguides.com/sbf49d.html]
[yorkhouse.libguides.com/how-to.html]
[yorkhouse.libguides.com/sb442d.html]
[yorkhouse.libguides.com/c1181.html]
[yorkhouse.libguides.com/c0454.html]
[yorkhouse.libguides.com/c736e.html]
[yorkhouse.libguides.com/c22bc.html]
[yorkhouse.libguides.com/c8dd3.html]
[yorkhouse.libguides.com/c1bd8.html]
[yorkhouse.libguides.com/cc347.html]
[yorkhouse.libguides.com/cd579.html]
[yorkhouse.libguides.com/sb1602.html]
[yorkhouse.libguides.com/how-to/research-sources.html]
[yorkhouse.libguides.com/sba5a5.html]
[yorkhouse.libguides.com/c37dd.html]
[yorkhouse.libguides.com/how-to/find-your-book.html]
[yorkhouse.libguides.com/c7ddb.html]
[yorkhouse.libguides.com/how-to/3d-printing/token.html]
[yorkhouse.libguides.com/how-to/3d-printing/premade.html]
[yorkhouse.libguides.com/how-to/3d-printing/custom.html]
[yorkhouse.libguides.com/how-to/3d-printing.html]
[yorkhouse.libguides.com/how-to/3d-printing/troubleshoot.html]
[yorkhouse.libguides.com/what-is.html]
[yorkhouse.libguides.com/cea22.html]
[yorkhouse.libguides.com/what-is/reading-lists.html]
[yorkhouse.libguides.com/sbfbbf.html]
[yorkhouse.libguides.com/c8aaa.html]
[yorkhouse.libguides.com/what-is/truth-and-reconciliation.html]
[yorkhouse.libguides.com/caf96.html]
[yorkhouse.libguides.com/what-is/mental-health.html]
[yorkhouse.libguides.com/c38bd.html]
[yorkhouse.libguides.com/assignments.html]
[yorkhouse.libguides.com/assignments/sbfcf9.php]
[yorkhouse.libguides.com/assignments/sb6684.php]
[yorkhouse.libguides.com/assignments/sb9c46.php]
[yorkhouse.libguides.com/assignments/sba80b.php]
[yorkhouse.libguides.com/assignments/sb8b9b.php]
[yorkhouse.libguides.com/assignments/sbfbe4.php]
[yorkhouse.libguides.com/assignments/sba614.php]
[yorkhouse.libguides.com/assignments/sb4b28.php]
[yorkhouse.libguides.com/assignments/sb45bb.php]
[yorkhouse.libguides.com/assignments/sbf49d.php]
[yorkhouse.libguides.com/assignments/sb442d.php]
[yorkhouse.libguides.com/assignments/this-year.html]
[yorkhouse.libguides.com/assignments/2023-24.html]
[yorkhouse.libguides.com/initiatives.html]
[yorkhouse.libguides.com/c6117.html]
[yorkhouse.libguides.com/initiatives/publications.html]
[yorkhouse.libguides.com/sb87d2.html]
[yorkhouse.libguides.com/initiatives/model-un.html]
[yorkhouse.libguides.com/c33e1.html]
[yorkhouse.libguides.com/about.html]
[yorkhouse.libguides.com/research-sources.html]
[yorkhouse.libguides.com/c614b.html]
[yorkhouse.libguides.com/news-media.html]
[yorkhouse.libguides.com/c30af.html]
[yorkhouse.libguides.com/ccfb5.html]
[yorkhouse.libguides.com/prf.html]
[yorkhouse.libguides.com/c945c.html]
[yorkhouse.libguides.com/c10a3.html]
[yorkhouse.libguides.com/c0267.html]
[yorkhouse.libguides.com/c4106.html]
[yorkhouse.libguides.com/cda97.html]
[yorkhouse.libguides.com/c6c8f.html]
[yorkhouse.libguides.com/c6c67.html]
[yorkhouse.libguides.com/c5257.html]
[yorkhouse.libguides.com/c3eec.html]
[yorkhouse.libguides.com/c391f.html]
[yorkhouse.libguides.com/cf700.html]
[yorkhouse.libguides.com/prfb188.html]
[yorkhouse.libguides.com/sbbe4f.html]
[yorkhouse.libguides.com/ccca0.html]
[yorkhouse.libguides.com/sb.html]
[yorkhouse.libguides.com/sbfcf9.html]
[yorkhouse.libguides.com/sb6684.html]
[yorkhouse.libguides.com/sb9c46.html]
[yorkhouse.libguides.com/sba80b.html]
[yorkhouse.libguides.com/sb8b9b.html]
[yorkhouse.libguides.com/sbfbe4.html]
[yorkhouse.libguides.com/sba614.html]
[yorkhouse.libguides.com/sb4b28.html]
[yorkhouse.libguides.com/sb45bb.html]
[yorkhouse.libguides.com/sbf49d.html]
[yorkhouse.libguides.com/sb442d.html]
[yorkhouse.libguides.com/c1181.html]
[yorkhouse.libguides.com/c0454.html]
[yorkhouse.libguides.com/c736e.html]
[yorkhouse.libguides.com/c22bc.html]
[yorkhouse.libguides.com/c8dd3.html]
[yorkhouse.libguides.com/c1bd8.html]
[yorkhouse.libguides.com/cc347.html]
[yorkhouse.libguides.com/cd579.html]
[yorkhouse.libguides.com/sb1602.html]
[yorkhouse.libguides.com/sba5a5.html]
[yorkhouse.libguides.com/c37dd.html]
[yorkhouse.libguides.com/c7ddb.html]
[yorkhouse.libguides.com/c1bd1.html]
[yorkhouse.libguides.com/3d-printing/custom]
[yorkhouse.libguides.com/3d-printing/premade]
[yorkhouse.libguides.com/how-to/3d-printing/token.html]
[yorkhouse.libguides.com/how-to/3d-printing/premade.html]
[yorkhouse.libguides.com/3d-printing/token]
[yorkhouse.libguides.com/how-to/3d-printing/custom.html]
[yorkhouse.libguides.com/how-to/3d-printing/troubleshoot.html]
[yorkhouse.libguides.com/cea22.html]
[yorkhouse.libguides.com/sbfbbf.html]
[yorkhouse.libguides.com/c8aaa.html]
[yorkhouse.libguides.com/caf96.html]
[yorkhouse.libguides.com/c38bd.html]
[yorkhouse.libguides.com/assignments/sbfcf9.html]
[yorkhouse.libguides.com/assignments/sb6684.html]
[yorkhouse.libguides.com/assignments/sb9c46.html]
[yorkhouse.libguides.com/assignments/sba80b.html]
[yorkhouse.libguides.com/assignments/sb8b9b.html]
[yorkhouse.libguides.com/assignments/sbfbe4.html]
[yorkhouse.libguides.com/assignments/sba614.html]
[yorkhouse.libguides.com/assignments/sb4b28.html]
[yorkhouse.libguides.com/assignments/sb45bb.html]
[yorkhouse.libguides.com/assignments/sbf49d.html]
[yorkhouse.libguides.com/assignments/sb442d.html]
[yorkhouse.libguides.com/c6117.html]
[yorkhouse.libguides.com/sb87d2.html]
[yorkhouse.libguides.com/c33e1.html]
[yorkhouse.libguides.com/c614b.html]
[yorkhouse.libguides.com/ccfb5.html]
[yorkhouse.libguides.com/prf.html]
[yorkhouse.libguides.com/c7026.html]
[yorkhouse.libguides.com/c945c.html]
[yorkhouse.libguides.com/sb01ee.html]
[yorkhouse.libguides.com/c10a3.html]
[yorkhouse.libguides.com/c564e.html]
[yorkhouse.libguides.com/c0267.html]
[yorkhouse.libguides.com/c626e.html]
[yorkhouse.libguides.com/c4a8d.html]
[yorkhouse.libguides.com/c4106.html]
[yorkhouse.libguides.com/sb96b9.html]
[yorkhouse.libguides.com/cda97.html]
[yorkhouse.libguides.com/cf9e4.html]
[yorkhouse.libguides.com/c6c8f.html]
[yorkhouse.libguides.com/c6b1b.html]
[yorkhouse.libguides.com/ce15f.html]
[yorkhouse.libguides.com/Taylor_Swift_by_Sophie24f6.pdf]
[yorkhouse.libguides.com/Lindsey_Von_by_Eliza7d5b.pdf]
[yorkhouse.libguides.com/sbb20e.html]
[yorkhouse.libguides.com/c6c67.html]
[yorkhouse.libguides.com/sb11ac.html]
[yorkhouse.libguides.com/c5257.html]
[yorkhouse.libguides.com/c0670.html]
[yorkhouse.libguides.com/c3eec.html]
[yorkhouse.libguides.com/c2064.html]
[yorkhouse.libguides.com/c391f.html]
[yorkhouse.libguides.com/ce85b.html]
[yorkhouse.libguides.com/cf700.html]
[yorkhouse.libguides.com/c2132.html]
[yorkhouse.libguides.com/c1bd1.html]
[yorkhouse.libguides.com/3d-printing/custom.html]
[yorkhouse.libguides.com/3d-printing/premade.html]
[yorkhouse.libguides.com/3d-printing/token.html]
[yorkhouse.libguides.com/c7026.html]
[yorkhouse.libguides.com/sb01ee.html]
[yorkhouse.libguides.com/c564e.html]
[yorkhouse.libguides.com/c626e.html]
[yorkhouse.libguides.com/c4a8d.html]
[yorkhouse.libguides.com/sb96b9.html]
[yorkhouse.libguides.com/cf9e4.html]
[yorkhouse.libguides.com/c6b1b.html]
[yorkhouse.libguides.com/ce15f.html]
[yorkhouse.libguides.com/c9755.html]
[yorkhouse.libguides.com/sbb20e.html]
[yorkhouse.libguides.com/sb11ac.html]
[yorkhouse.libguides.com/c0670.html]
[yorkhouse.libguides.com/c2064.html]
[yorkhouse.libguides.com/ce85b.html]
[yorkhouse.libguides.com/c2132.html]
[yorkhouse.libguides.com/c9755.html]
